// Jest Snapshot v1, https://goo.gl/fbAQLP

exports[`examples/babel .budfiles/bud.webpack.config.js 1`] = `
Object {
  "app": Object {
    "import": Array [
      "app.js",
      "demo.js",
      "foo.css",
      "global.css",
    ],
  },
}
`;

exports[`examples/babel .budfiles/bud.webpack.config.js 2`] = `"production"`;

exports[`examples/babel .budfiles/bud.webpack.config.js 3`] = `
Object {
  "minimize": true,
  "minimizer": Array [
    "...",
    Object {
      "options": Object {
        "minify": "<<Function 'cssnanoMinify'>>",
        "minimizerOptions": Object {
          "preset": Array [
            "default",
            Object {
              "discardComments": Object {
                "removeAll": true,
              },
            },
          ],
        },
        "parallel": true,
        "test": /\\\\\\.css\\(\\\\\\?\\.\\*\\)\\?\\$/i,
        "warningsFilter": "<<Function 'warningsFilter'>>",
      },
    },
    Object {
      "options": Object {
        "minify": "<<Function 'cssnanoMinify'>>",
        "minimizerOptions": "<<Circular reference to 'config.optimization.minimizer.[1].options.minimizerOptions'>>",
        "parallel": true,
        "test": /\\\\\\.css\\(\\\\\\?\\.\\*\\)\\?\\$/i,
        "warningsFilter": "<<Function 'warningsFilter'>>",
      },
    },
  ],
  "moduleIds": "deterministic",
  "splitChunks": Object {
    "cacheGroups": Object {
      "vendor": Object {
        "chunks": "all",
        "filename": "vendor/[name].js",
        "priority": -10,
        "reuseExistingChunk": true,
        "test": /\\[\\\\\\\\/\\]node_modules\\[\\\\\\\\/\\]/,
      },
    },
    "defaultSizeTypes": Array [
      "...",
    ],
  },
}
`;

exports[`examples/babel .budfiles/bud.webpack.config.js 4`] = `true`;

exports[`examples/babel .budfiles/bud.webpack.config.js 5`] = `
Object {
  "type": "memory",
}
`;

exports[`examples/babel app.css matches snapshot 1`] = `"p{font-weight:700}body,html{margin:0;padding:0}.app{align-items:center;background:#5813d5;color:#fff;display:flex;font-family:sans-serif;height:100vh;justify-content:center;letter-spacing:.2em;text-align:center;text-transform:uppercase;width:100vw}"`;

exports[`examples/babel app.js matches snapshot 1`] = `"!function(){var n={344:function(n,e,o){\\"use strict\\";o(755),document.querySelector(\\"body\\").innerHTML=\\"\\\\n  <div>\\\\n    <h1>Hello from babel!</h1>\\\\n  </div>\\\\n\\"},755:function(){[\\"fancy\\",\\"ecma\\"].map((function(n){console.log(n)}))},615:function(){},968:function(){}},e={};function o(t){var r=e[t];if(void 0!==r)return r.exports;var u=e[t]={exports:{}};return n[t](u,u.exports,o),u.exports}o.n=function(n){var e=n&&n.__esModule?function(){return n.default}:function(){return n};return o.d(e,{a:e}),e},o.d=function(n,e){for(var t in e)o.o(e,t)&&!o.o(n,t)&&Object.defineProperty(n,t,{enumerable:!0,get:e[t]})},o.o=function(n,e){return Object.prototype.hasOwnProperty.call(n,e)},o(344),o(755),o(615),o(968)}();"`;

exports[`examples/babel manifest.json 1`] = `
Object {
  "app.css": "app.css",
  "app.js": "app.js",
}
`;

exports[`examples/babel module map matches snapshot 1`] = `
Object {
  "byName": Object {
    "app": Any<Number>,
  },
  "bySource": Object {
    "0 app": Any<Number>,
  },
  "usedIds": Array [
    Any<Number>,
  ],
}
`;
