// Jest Snapshot v1, https://goo.gl/fbAQLP

exports[`basic main.js matches snapshot 1`] = `"console.log(\\"hello\\"),console.log(\\"world\\");"`;
