// Jest Snapshot v1, https://goo.gl/fbAQLP

exports[`examples/emotion package.json matches snapshot 1`] = `
Object {
  "browserslist": Object {
    "development": Array [
      "last 1 chrome version",
      "last 1 firefox version",
      "last 1 safari version",
    ],
    "production": Array [
      ">0.5%",
      "not dead",
      "not op_mini all",
    ],
  },
  "devDependencies": Object {
    "@emotion/css": "11.1.3",
    "@emotion/react": "11.4.1",
    "@emotion/styled": "11.3.0",
    "@roots/bud": "workspace:packages/@roots/bud",
    "@roots/bud-babel": "workspace:packages/@roots/bud-babel",
    "@roots/bud-emotion": "workspace:packages/@roots/bud-emotion",
    "@roots/bud-react": "workspace:packages/@roots/bud-react",
    "@types/react": "^17",
    "@types/react-dom": "^17",
    "react": ">=17.0.2",
    "react-dom": ">=17.0.2",
  },
  "name": "example-emotion",
  "private": true,
}
`;
