// Jest Snapshot v1, https://goo.gl/fbAQLP

exports[`preset-recommend main.css is transpiled 1`] = `"h2 h3{margin-top:5rem}"`;
