// Jest Snapshot v1, https://goo.gl/fbAQLP

exports[`examples/react [app.css] is transpiled 1`] = `"body{font-family:-apple-system,BlinkMacSystemFont,Segoe UI,Roboto,Oxygen,Ubuntu,Cantarell,Fira Sans,Droid Sans,Helvetica Neue,sans-serif;margin:0}code{font-family:source-code-pro,Menlo,Monaco,Consolas,Courier New,monospace}.App{align-content:center;background-color:#040111;display:flex;height:100vh;justify-content:center;max-height:100vh;max-width:100vw;text-align:center;width:100vw}.App .logo{animation:App-logo-spin 20s linear infinite;height:30vmin;margin-bottom:2rem;pointer-events:none}.App .header{align-items:center;color:#fff;display:flex;flex-direction:column;font-size:calc(10px + 2vmin);justify-content:center;min-height:80vh;width:100%}@keyframes App-logo-spin{0%{transform:rotate(0deg)}to{transform:rotate(1turn)}}"`;

exports[`examples/react package.json matches snapshot 1`] = `
Object {
  "browserslist": Object {
    "development": Array [
      "last 1 chrome version",
      "last 1 firefox version",
      "last 1 safari version",
    ],
    "production": Array [
      ">0.5%",
      "not dead",
      "not op_mini all",
    ],
  },
  "devDependencies": Object {
    "@roots/bud": "workspace:packages/@roots/bud",
    "@roots/bud-babel": "workspace:packages/@roots/bud-babel",
    "@roots/bud-postcss": "workspace:packages/@roots/bud-postcss",
    "@roots/bud-react": "workspace:packages/@roots/bud-react",
    "@types/react": Any<String>,
    "@types/react-dom": Any<String>,
    "postcss": Any<String>,
    "postcss-import": Any<String>,
    "postcss-preset-env": Any<String>,
    "react": Any<String>,
    "react-dom": Any<String>,
  },
  "name": "example-react",
  "private": true,
}
`;
