// Jest Snapshot v1, https://goo.gl/fbAQLP

exports[`bud.build.config has expected number of plugins 1`] = `4`;
