// Jest Snapshot v1, https://goo.gl/fbAQLP

exports[`bud.project readProjectJson 1`] = `
Object {
  "dependencies": Object {
    "tslib": "^2.3.1",
  },
  "description": "‚ö°Ô∏è Lightning fast frontend build tools combining the best parts of Symfony Encore and Laravel Mix",
  "devDependencies": Object {
    "@skypack/package-check": "0.2.2",
    "@svgr/webpack": "5.5.0",
    "@types/fs-extra": "9.0.12",
    "@types/jest": "^27.0.1",
    "@types/lodash": "4.14.172",
    "@types/node": "16.6.1",
    "@types/react": "17.0.19",
    "@types/react-dom": "17.0.9",
    "@types/react-helmet": "6.1.2",
    "@types/react-reconciler": "0.26.3",
    "@types/react-router-dom": "5.1.8",
    "@types/signale": "1.4.2",
    "@types/source-map-support": "^0",
    "@types/weak-napi": "2.0.0",
    "@typescript-eslint/eslint-plugin": "4.29.3",
    "@typescript-eslint/parser": "4.29.3",
    "@vercel/ncc": "0.30.0",
    "@yarnpkg/builder": "3.0.1",
    "autobind-decorator": "2.4.0",
    "codecov": "3.8.3",
    "dotenv": "10.0.0",
    "eslint": "7.32.0",
    "eslint-config-prettier": "8.3.0",
    "eslint-plugin-import": "2.24.2",
    "eslint-plugin-prettier": "3.4.1",
    "eslint-plugin-react": "7.25.0",
    "eslint-plugin-react-hooks": "4.2.0",
    "eslint-plugin-simple-import-sort": "7.0.0",
    "execa": "5.1.1",
    "file-loader": "6.2.0",
    "fs-extra": "10.0.0",
    "jest": "27.1.0",
    "lodash": "4.17.21",
    "prettier": "2.3.2",
    "raw-loader": "4.0.2",
    "react": "17.0.2",
    "react-dom": "17.0.2",
    "react-reconciler": "0.26.2",
    "rimraf": "3.0.2",
    "signale": "1.4.0",
    "source-map-support": "^0.5.19",
    "ts-jest": "27.0.5",
    "ts-node": "10.2.1",
    "tsconfig-paths": "3.11.0",
    "type-fest": "2.1.0",
    "typescript": "4.4.2",
    "url-loader": "4.1.1",
    "weak-napi": "2.0.2",
  },
  "engines": Object {
    "node": "^16.3.0",
  },
  "license": "MIT",
  "manifest": Object {
    "contributors": Object {
      "catgofire": Object {
        "type": Array [
          "‚úçüèΩ docs",
        ],
      },
      "clayrisser": Object {
        "type": Array [
          "‚úçüèΩ docs",
        ],
      },
      "kellymears": Object {
        "type": Array [
          "üöÄ steward",
          "üíª dev",
          "‚úçüèΩ docs",
        ],
      },
      "qwp6t": Object {
        "type": Array [
          "üöÄ steward",
          "üíª dev",
          "‚úçüèΩ docs",
        ],
      },
      "swalkinshaw": Object {
        "type": Array [
          "üöÄ steward",
          "‚úçüèΩ docs",
        ],
      },
    },
    "core": Object {
      "@roots/bud": Object {
        "dependencies": Array [
          "@roots/bud-api",
          "@roots/bud-build",
          "@roots/bud-cache",
          "@roots/bud-compiler",
          "@roots/bud-dashboard",
          "@roots/bud-extensions",
          "@roots/bud-framework",
          "@roots/bud-hooks",
          "@roots/bud-server",
          "@roots/bud-support",
        ],
        "description": "A frontend build tooling framework combining the best parts of Symfony Encore and Laravel Mix",
      },
      "@roots/bud-api": Object {
        "dependencies": Array [
          "@roots/bud-framework",
          "@roots/bud-support",
        ],
        "description": "@roots/bud core: build config facades",
      },
      "@roots/bud-build": Object {
        "dependencies": Array [
          "@roots/bud-framework",
        ],
        "description": "@roots/bud core: build config controller",
      },
      "@roots/bud-cache": Object {
        "dependencies": Array [
          "@roots/bud-framework",
        ],
        "description": "@roots/bud core: build config caching",
      },
      "@roots/bud-compiler": Object {
        "dependencies": Array [
          "@roots/bud-framework",
        ],
      },
      "@roots/bud-dashboard": Object {
        "dependencies": Array [
          "@roots/bud-framework",
          "@roots/bud-support",
        ],
      },
      "@roots/bud-extensions": Object {
        "dependencies": Array [
          "@roots/bud-framework",
        ],
      },
      "@roots/bud-framework": Object {
        "dependencies": Array [
          "@roots/container",
          "@roots/dependencies",
        ],
      },
      "@roots/bud-hooks": Object {
        "dependencies": Array [
          "@roots/bud-framework",
        ],
      },
      "@roots/bud-server": Object {
        "dependencies": Array [
          "@roots/bud-framework",
        ],
      },
      "@roots/bud-support": Object {
        "dependencies": Array [
          "@roots/bud-framework",
        ],
      },
    },
    "deprecated": Array [
      "@roots/bud-cli",
      "@roots/bud-typings",
    ],
    "description": "‚ö°Ô∏è Lightning fast frontend build tools combining the best parts of Symfony Encore and Laravel Mix",
    "extensions": Object {
      "@roots/bud-babel": Object {
        "dependencies": Array [
          "@roots/bud-framework",
        ],
        "description": "Babel support for @roots/bud projects",
      },
      "@roots/bud-compress": Object {
        "dependencies": Array [
          "@roots/bud-framework",
        ],
      },
      "@roots/bud-criticalcss": Object {
        "dependencies": Array [
          "@roots/bud-framework",
        ],
      },
      "@roots/bud-emotion": Object {
        "dependencies": Array [
          "@roots/bud-framework",
        ],
      },
      "@roots/bud-entrypoints": Object {
        "dependencies": Array [
          "@roots/bud-framework",
        ],
      },
      "@roots/bud-esbuild": Object {
        "dependencies": Array [
          "@roots/bud-framework",
        ],
      },
      "@roots/bud-eslint": Object {
        "dependencies": Array [
          "@roots/bud-framework",
        ],
      },
      "@roots/bud-imagemin": Object {
        "dependencies": Array [
          "@roots/bud-framework",
        ],
      },
      "@roots/bud-library": Object {
        "dependencies": Array [
          "@roots/bud-framework",
        ],
      },
      "@roots/bud-mdx": Object {
        "dependencies": Array [
          "@roots/bud-framework",
        ],
      },
      "@roots/bud-postcss": Object {
        "dependencies": Array [
          "@roots/bud-framework",
        ],
      },
      "@roots/bud-preset-recommend": Object {
        "dependencies": Array [
          "@roots/bud-framework",
        ],
      },
      "@roots/bud-prettier": Object {
        "dependencies": Array [
          "@roots/bud-framework",
        ],
      },
      "@roots/bud-purgecss": Object {
        "dependencies": Array [
          "@roots/bud-framework",
        ],
      },
      "@roots/bud-react": Object {
        "dependencies": Array [
          "@roots/bud-framework",
        ],
      },
      "@roots/bud-sass": Object {
        "dependencies": Array [
          "@roots/bud-framework",
        ],
      },
      "@roots/bud-solid": Object {
        "dependencies": Array [
          "@roots/bud-framework",
        ],
      },
      "@roots/bud-stylelint": Object {
        "dependencies": Array [
          "@roots/bud-framework",
        ],
      },
      "@roots/bud-tailwindcss": Object {
        "dependencies": Array [
          "@roots/bud-framework",
        ],
      },
      "@roots/bud-terser": Object {
        "dependencies": Array [
          "@roots/bud-framework",
        ],
      },
      "@roots/bud-typescript": Object {
        "dependencies": Array [
          "@roots/bud-framework",
        ],
      },
      "@roots/bud-vue": Object {
        "dependencies": Array [
          "@roots/bud-framework",
        ],
      },
      "@roots/bud-wordpress-dependencies": Object {
        "dependencies": Array [
          "@roots/bud-framework",
          "@roots/merged-manifest-webpack-plugin",
        ],
      },
      "@roots/bud-wordpress-externals": Object {
        "dependencies": Array [
          "@roots/bud-framework",
        ],
      },
      "@roots/bud-wordpress-manifests": Object {
        "dependencies": Array [
          "@roots/bud-framework",
        ],
      },
      "@roots/sage": Object {
        "dependencies": Array [
          "@roots/bud",
          "@roots/bud-babel",
          "@roots/bud-entrypoints",
          "@roots/bud-eslint",
          "@roots/bud-postcss",
          "@roots/bud-prettier",
          "@roots/bud-react",
          "@roots/bud-stylelint",
          "@roots/bud-tailwindcss",
          "@roots/bud-wordpress-dependencies",
          "@roots/bud-wordpress-externals",
          "@roots/bud-wordpress-manifests",
        ],
      },
    },
    "lib": Object {
      "@roots/container": Object {
        "dependencies": Array [],
      },
      "@roots/critical-css-webpack-plugin": Object {
        "dependencies": Array [],
      },
      "@roots/dependencies": Object {
        "dependencies": Array [],
      },
      "@roots/entrypoints-webpack-plugin": Object {
        "dependencies": Array [],
      },
      "@roots/filesystem": Object {
        "dependencies": Array [],
      },
      "@roots/ink-prettier": Object {
        "dependencies": Array [],
      },
    },
    "logo": "https://cdn.roots.io/app/uploads/logo-bud.svg",
    "name": "bud.js",
    "organization": Object {
      "favicon": "https://roots.io/favicon.ico",
      "name": "Roots Foundation, LLC",
      "site": "https://roots.io",
      "twitter": "https://twitter.com/roots",
    },
    "sponsors": Array [
      Object {
        "image": "https://cdn.roots.io/app/uploads/kinsta.svg",
        "title": "Kinsta",
        "url": "https://kinsta.com/?kaid=OFDHAJIXUDIV",
      },
      Object {
        "image": "https://cdn.roots.io/app/uploads/km-digital.svg",
        "title": "KM Digital",
        "url": "https://k-m.com/",
      },
      Object {
        "image": "https://cdn.roots.io/app/uploads/carrot.svg",
        "title": "Carrot",
        "url": "https://carrot.com/",
      },
      Object {
        "image": "https://cdn.roots.io/app/uploads/c21redwood.svg",
        "title": "C21 Redwood Realty",
        "url": "https://www.c21redwood.com/",
      },
      Object {
        "image": "https://cdn.roots.io/app/uploads/wordpress.svg",
        "title": "WordPress.com",
        "url": "https://wordpress.com/",
      },
      Object {
        "image": "https://cdn.roots.io/app/uploads/icons8.svg",
        "title": "Icons8",
        "url": "https://icons8.com/",
      },
      Object {
        "image": "https://cdn.roots.io/app/uploads/harness-software.svg",
        "title": "Harness Software",
        "url": "https://www.harnessup.com/",
      },
      Object {
        "image": "https://cdn.roots.io/app/uploads/coders-clan.svg",
        "title": "Coders Clan",
        "url": "https://www.codersclan.com/",
      },
      Object {
        "image": "https://cdn.roots.io/app/uploads/genero.svg",
        "title": "Genero",
        "url": "https://generodigital.com/",
      },
      Object {
        "image": "https://cdn.roots.io/app/uploads/motto.svg",
        "title": "Motto",
        "url": "https://motto.ca/roots",
      },
    ],
    "url": Object {
      "discourse": "https://discourse.roots.io/c/bud/24",
      "docs": "https://budjs.netlify.app",
      "git": "git@github.com:roots/bud",
      "web": "https://github.com/roots/bud",
    },
    "version": Object {
      "increment": 12,
      "major": 4,
      "minor": 7,
      "patch": 0,
    },
  },
  "name": "bud.js",
  "packageManager": "yarn@3.0.1",
  "private": true,
  "repository": Object {
    "type": "git",
    "url": "https://github.com/roots/bud.git",
  },
  "resolutions": Object {
    "@oclif/config@1.17.0": "patch:@oclif/config@npm:1.17.0#.yarn/patches/@oclif-config-npm-1.17.0-acbde241aa.patch",
    "@types/react": "17.0.19",
    "ink": "3.0.9",
    "react": "17.0.2",
    "react-dom": "17.0.2",
    "typescript": "4.4.2",
    "yoga-layout-prebuilt": "patch:yoga-layout-prebuilt@*#.yarn/patches/yoga-layout-prebuilt.patch",
  },
  "version": "4.7.0-next.11",
  "volta": Object {
    "node": "16.3.0",
  },
  "workspaces": Object {
    "packages": Array [
      "examples/*",
      "packages/@roots/*",
      "packages/base",
      "site",
      ".yarn/local",
    ],
  },
}
`;
